// Jest Snapshot v1, https://goo.gl/fbAQLP

exports[`renders role list component 1`] = `
.c4 {
  color: #212322;
  font-size: 1.5em;
}

.c2 {
  -webkit-align-items: center;
  -webkit-box-align: center;
  -ms-flex-align: center;
  align-items: center;
  background-color: #e8f2fb;
  border-radius: 1rem;
  display: -webkit-box;
  display: -webkit-flex;
  display: -ms-flexbox;
  display: flex;
  -webkit-box-flex: 1;
  -webkit-flex-grow: 1;
  -ms-flex-positive: 1;
  flex-grow: 1;
  margin-bottom: 1rem;
  padding: 0rem 2rem;
}

.c2:last-child {
  margin-bottom: 0;
}

.c5 {
  -webkit-align-items: center;
  -webkit-box-align: center;
  -ms-flex-align: center;
  align-items: center;
  background-color: #ffffff;
  border-radius: 1rem;
  display: -webkit-box;
  display: -webkit-flex;
  display: -ms-flexbox;
  display: flex;
  -webkit-box-flex: 1;
  -webkit-flex-grow: 1;
  -ms-flex-positive: 1;
  flex-grow: 1;
  margin-bottom: 1rem;
  padding: 0rem 2rem;
}

.c5:last-child {
  margin-bottom: 0;
}

.c3 {
  height: 2rem;
  margin: 0 1.5rem 0 0;
  width: 2rem;
}

.c0 {
  background: #ffffff;
  margin-bottom: 2.5rem;
}

.c1 {
  color: #212322;
  font-size: 2em;
  font-weight: bold;
}

<section
  class="c0"
>
  <h1
    class="c1"
  >
    User Types
  </h1>
  <label
    class="c2"
    for="Admin"
  >
    <input
      checked=""
      class="c3"
      data-testid="Admin"
      id="Admin"
      name="role"
      type="radio"
    />
    <p
      class="c4"
    >
      Admin
    </p>
  </label>
  <label
    class="c5"
    for="Manager"
  >
    <input
      class="c3"
      data-testid="Manager"
      id="Manager"
      name="role"
      type="radio"
    />
    <p
      class="c4"
    >
      Manager
    </p>
  </label>
</section>
`;
